###############################################################################
#
# IAR ELF Linker V7.50.3.10732/W32 for ARM                12/Feb/2017  20:21:31
# Copyright 2007-2016 IAR Systems AB.
#
#    Output file  =  
#        D:\2.Training\Fresher\UnitTest\Unitest_IAR_Project\Debug\Exe\c.out
#    Map file     =  
#        D:\2.Training\Fresher\UnitTest\Unitest_IAR_Project\Debug\List\c.map
#    Command line =  
#        D:\2.Training\Fresher\UnitTest\Unitest_IAR_Project\Debug\Obj\main.o
#        D:\2.Training\Fresher\UnitTest\Unitest_IAR_Project\Debug\Obj\Stub.o
#        D:\2.Training\Fresher\UnitTest\Unitest_IAR_Project\Debug\Obj\TestMod1.o
#        -o D:\2.Training\Fresher\UnitTest\Unitest_IAR_Project\Debug\Exe\c.out
#        --redirect _Printf=_PrintfFull --redirect _Scanf=_ScanfFull --map
#        D:\2.Training\Fresher\UnitTest\Unitest_IAR_Project\Debug\List\c.map
#        --config "C:\Program Files (x86)\IAR Systems\Embedded Workbench
#        7.3\arm\config\linker\NXP\S32K144.icf" --semihosting --entry
#        __iar_program_start --vfe
#
###############################################################################

*******************************************************************************
*** RUNTIME MODEL ATTRIBUTES
***

CppFlavor       = *
__SystemLibrary = DLib


*******************************************************************************
*** PLACEMENT SUMMARY
***

"A1":  place at 0x00000000 { ro section .intvec };
"P1":  place in [from 0x00000000 to 0x000003ff] |
                [from 0x00000410 to 0x0007ffff] { ro };
"P3":  place in [from 0x1fff8000 to 0x1fffffff] |
                [from 0x20000000 to 0x20006fff] { rw, block CSTACK, block HEAP };

  Section          Kind        Address   Size  Object
  -------          ----        -------   ----  ------
"A1":                                    0x40
  .intvec          ro code  0x00000000   0x40  vector_table_M.o [5]
                          - 0x00000040   0x40

"P1":                                   0x170
  .text            ro code  0x00000040   0x48  TestMod1.o [1]
  .text            ro code  0x00000088   0x40  zero_init3.o [5]
  .text            ro code  0x000000c8   0x3a  main.o [1]
  .text            ro code  0x00000102    0x2  vector_table_M.o [5]
  .text            ro code  0x00000104   0x28  data_init.o [5]
  .text            ro code  0x0000012c   0x22  fpinit_M.o [4]
  .iar.init_table  const    0x00000150   0x10  - Linker created -
  .text            ro code  0x00000160   0x1a  cmain.o [5]
  .text            ro code  0x0000017a    0x4  low_level_init.o [3]
  .text            ro code  0x0000017e    0x4  exit.o [3]
  .text            ro code  0x00000184    0xa  cexit.o [5]
  .text            ro code  0x00000190   0x14  exit.o [6]
  .text            ro code  0x000001a4    0xc  cstartup_M.o [5]
  .rodata          const    0x000001b0    0x0  zero_init3.o [5]
                          - 0x000001b0  0x170

"P3", part 1 of 2:                       0x14
  .bss             zero     0x1fff8000    0xc  TestMod1.o [1]
  .bss             zero     0x1fff800c    0x1  TestMod1.o [1]
  .bss             zero     0x1fff800d    0x1  TestMod1.o [1]
  .bss             zero     0x1fff800e    0x1  TestMod1.o [1]
  .bss             zero     0x1fff800f    0x1  TestMod1.o [1]
  .bss             zero     0x1fff8010    0x1  TestMod1.o [1]
                          - 0x1fff8011   0x11

"P3", part 2 of 2:                      0x800
  CSTACK                    0x1fff8018  0x800  <Block>
    CSTACK         uninit   0x1fff8018  0x800  <Block tail>
                          - 0x1fff8818  0x800


*******************************************************************************
*** INIT TABLE
***

          Address     Size
          -------     ----
Zero (__iar_zero_init3)
    1 destination range, total size 0x11:
          0x1fff8000  0x11



*******************************************************************************
*** MODULE SUMMARY
***

    Module            ro code  ro data  rw data
    ------            -------  -------  -------
D:\2.Training\Fresher\UnitTest\Unitest_IAR_Project\Debug\Obj: [1]
    TestMod1.o             72                17
    main.o                 58
    -------------------------------------------
    Total:                130                17

command line: [2]
    -------------------------------------------
    Total:

dl7M_tln.a: [3]
    exit.o                  4
    low_level_init.o        4
    -------------------------------------------
    Total:                  8

m7M_tls.a: [4]
    fpinit_M.o             34
    -------------------------------------------
    Total:                 34

rt7M_tl.a: [5]
    cexit.o                10
    cmain.o                26
    cstartup_M.o           12
    data_init.o            40
    vector_table_M.o       66
    zero_init3.o           64
    -------------------------------------------
    Total:                218

shb_l.a: [6]
    exit.o                 20
    -------------------------------------------
    Total:                 20

    Gaps                    4        2
    Linker created                  16    2 048
-----------------------------------------------
    Grand Total:          414       18    2 065


*******************************************************************************
*** ENTRY LIST
***

Entry                      Address  Size  Type      Object
-----                      -------  ----  ----      ------
.iar.init_table$$Base   0x00000150         --   Gb  - Linker created -
.iar.init_table$$Limit  0x00000160         --   Gb  - Linker created -
?main                   0x00000161        Code  Gb  cmain.o [5]
CSTACK$$Base            0x1fff8018         --   Gb  - Linker created -
CSTACK$$Limit           0x1fff8818         --   Gb  - Linker created -
Mod1_Init               0x00000041  0x30  Code  Gb  TestMod1.o [1]
Region$$Table$$Base     0x00000150         --   Gb  - Linker created -
Region$$Table$$Limit    0x00000160         --   Gb  - Linker created -
TC_Mod1_Init_001        0x000000c9  0x26  Code  Gb  main.o [1]
__cmain                 0x00000161        Code  Gb  cmain.o [5]
__exit                  0x00000191  0x14  Code  Gb  exit.o [6]
__iar_data_init3        0x00000105  0x28  Code  Gb  data_init.o [5]
__iar_init_vfp          0x0000012d        Code  Gb  fpinit_M.o [4]
__iar_program_start     0x000001a5        Code  Gb  cstartup_M.o [5]
__iar_zero_init3        0x00000089  0x40  Code  Gb  zero_init3.o [5]
__low_level_init        0x0000017b   0x4  Code  Gb  low_level_init.o [3]
__vector_table          0x00000000        Data  Gb  vector_table_M.o [5]
_call_main              0x0000016d        Code  Gb  cmain.o [5]
_exit                   0x00000185        Code  Gb  cexit.o [5]
_main                   0x00000177        Code  Gb  cmain.o [5]
bErrFlag                0x1fff800f   0x1  Data  Lc  TestMod1.o [1]
exit                    0x0000017f   0x4  Code  Gb  exit.o [3]
gu8AveTurnData          0x1fff800c   0x1  Data  Gb  TestMod1.o [1]
gu8HighAveTurnData      0x1fff800d   0x1  Data  Gb  TestMod1.o [1]
gu8LowAveTurnData       0x1fff800e   0x1  Data  Gb  TestMod1.o [1]
gu8TurnData             0x1fff8000   0xc  Data  Gb  TestMod1.o [1]
main                    0x000000f9   0xa  Code  Gb  main.o [1]
u8DataCount             0x1fff8010   0x1  Data  Lc  TestMod1.o [1]


[1] = D:\2.Training\Fresher\UnitTest\Unitest_IAR_Project\Debug\Obj
[2] = command line
[3] = dl7M_tln.a
[4] = m7M_tls.a
[5] = rt7M_tl.a
[6] = shb_l.a

    414 bytes of readonly  code memory
     18 bytes of readonly  data memory
  2 065 bytes of readwrite data memory

Errors: none
Warnings: none
